cargo : warning: D:\rustWork\guilin-zipai\crates\c
lient\Cargo.toml: unused manifest key: bin.0.chron
o
所在位置 行:1 字符: 1
+ cargo check -p guilin-paizi-core 2> build_errors
.txt
+ ~~~~~~~~~~~~~~~~~~~~~~~~~~~~~~~~~~~~~~~~~~~~~~~~
~~~~
    + CategoryInfo          : NotSpecified: (warn 
   ing: D:\rus...y: bin.0.chrono:String) [], Rem  
  oteException
    + FullyQualifiedErrorId : NativeCommandError
 
warning: D:\rustWork\guilin-zipai\crates\client\Ca
rgo.toml: unused manifest key: bin.0.futures
warning: D:\rustWork\guilin-zipai\crates\client\Ca
rgo.toml: unused manifest key: bin.0.futures-util
warning: D:\rustWork\guilin-zipai\crates\client\Ca
rgo.toml: unused manifest key: bin.0.gloo
warning: D:\rustWork\guilin-zipai\crates\client\Ca
rgo.toml: unused manifest key: bin.0.js-sys
warning: D:\rustWork\guilin-zipai\crates\client\Ca
rgo.toml: unused manifest key: bin.0.serde
warning: D:\rustWork\guilin-zipai\crates\client\Ca
rgo.toml: unused manifest key: bin.0.serde_json
warning: D:\rustWork\guilin-zipai\crates\client\Ca
rgo.toml: unused manifest key: bin.0.uuid
warning: D:\rustWork\guilin-zipai\crates\client\Ca
rgo.toml: unused manifest key: bin.0.wasm-bindgen
warning: D:\rustWork\guilin-zipai\crates\client\Ca
rgo.toml: unused manifest key: bin.0.wasm-bindgen-
futures
warning: D:\rustWork\guilin-zipai\crates\client\Ca
rgo.toml: unused manifest key: bin.0.wasm-logger
warning: D:\rustWork\guilin-zipai\crates\client\Ca
rgo.toml: unused manifest key: bin.0.web-sys
warning: D:\rustWork\guilin-zipai\crates\client\Ca
rgo.toml: unused manifest key: bin.0.yew
warning: D:\rustWork\guilin-zipai\crates\client\Ca
rgo.toml: unused manifest key: bin.0.yew-router
    Checking guilin-paizi-core v0.1.0 (D:\rustWork
\guilin-zipai\crates\core)
error[E0609]: no field `position` on type `&mut Pl
ayer`
   --> crates\core\src\game.rs:146:20
    |
146 |             player.position = idx as u8;
    |                    ^^^^^^^^ unknown field
    |
    = note: available fields are: `id`, `name`, `s
tate`, `is_dealer`, `sp` ... and 2 others

error[E0560]: struct `Player` has no field named `
position`
  --> crates\core\src\player.rs:47:13
   |
47 |             position: 0,
   |             ^^^^^^^^ `Player` does not have t
his field
   |
   = note: all struct fields are already assigned

warning: variable does not need to be mutable
   --> crates\core\src\game.rs:552:13
    |
552 |         let mut total_huxi = hand.total_huxi
();
    |             ----^^^^^^^^^^
    |             |
    |             help: remove this `mut`
    |
    = note: `#[warn(unused_mut)]` on by default

Some errors have detailed explanations: E0560, E06
09.
For more information about an error, try `rustc --
explain E0560`.
warning: `guilin-paizi-core` (lib) generated 1 war
ning
error: could not compile `guilin-paizi-core` (lib)
 due to 2 previous errors; 1 warning emitted
